------------------------------------------------------------
TimeQuest Timing Analyzer Summary
------------------------------------------------------------

Type  : Slow 1200mV 85C Model Setup 'functionGenerate_inst|pll_ip_inst|altpll_component|auto_generated|pll1|clk[0]'
Slack : -1.551
TNS   : -2.888

Type  : Slow 1200mV 85C Model Setup 'sys_clk'
Slack : 14.513
TNS   : 0.000

Type  : Slow 1200mV 85C Model Hold 'functionGenerate_inst|pll_ip_inst|altpll_component|auto_generated|pll1|clk[0]'
Slack : 0.433
TNS   : 0.000

Type  : Slow 1200mV 85C Model Hold 'sys_clk'
Slack : 0.452
TNS   : 0.000

Type  : Slow 1200mV 85C Model Minimum Pulse Width 'functionGenerate_inst|pll_ip_inst|altpll_component|auto_generated|pll1|clk[0]'
Slack : 4.698
TNS   : 0.000

Type  : Slow 1200mV 85C Model Minimum Pulse Width 'sys_clk'
Slack : 9.760
TNS   : 0.000

Type  : Slow 1200mV 0C Model Setup 'functionGenerate_inst|pll_ip_inst|altpll_component|auto_generated|pll1|clk[0]'
Slack : -0.523
TNS   : -0.814

Type  : Slow 1200mV 0C Model Setup 'sys_clk'
Slack : 14.984
TNS   : 0.000

Type  : Slow 1200mV 0C Model Hold 'functionGenerate_inst|pll_ip_inst|altpll_component|auto_generated|pll1|clk[0]'
Slack : 0.382
TNS   : 0.000

Type  : Slow 1200mV 0C Model Hold 'sys_clk'
Slack : 0.401
TNS   : 0.000

Type  : Slow 1200mV 0C Model Minimum Pulse Width 'functionGenerate_inst|pll_ip_inst|altpll_component|auto_generated|pll1|clk[0]'
Slack : 4.670
TNS   : 0.000

Type  : Slow 1200mV 0C Model Minimum Pulse Width 'sys_clk'
Slack : 9.721
TNS   : 0.000

Type  : Fast 1200mV 0C Model Setup 'functionGenerate_inst|pll_ip_inst|altpll_component|auto_generated|pll1|clk[0]'
Slack : 4.816
TNS   : 0.000

Type  : Fast 1200mV 0C Model Setup 'sys_clk'
Slack : 17.637
TNS   : 0.000

Type  : Fast 1200mV 0C Model Hold 'functionGenerate_inst|pll_ip_inst|altpll_component|auto_generated|pll1|clk[0]'
Slack : 0.178
TNS   : 0.000

Type  : Fast 1200mV 0C Model Hold 'sys_clk'
Slack : 0.186
TNS   : 0.000

Type  : Fast 1200mV 0C Model Minimum Pulse Width 'functionGenerate_inst|pll_ip_inst|altpll_component|auto_generated|pll1|clk[0]'
Slack : 4.774
TNS   : 0.000

Type  : Fast 1200mV 0C Model Minimum Pulse Width 'sys_clk'
Slack : 9.408
TNS   : 0.000

------------------------------------------------------------
